Added Component: Designator=D2(LED_0603)
Add component (AddParameter): Name = "Category"; Value = "LEDs"; VariantName = "[No Variations]"
Add component (AddParameter): Name = "Lead Free"; Value = "Lead Free"; VariantName = "[No Variations]"
Add component (AddParameter): Name = "Lens Style"; Value = "Clear, Diffused"; VariantName = "[No Variations]"
Add component (AddParameter): Name = "Manufacturer"; Value = "Osram"; VariantName = "[No Variations]"
Add component (AddParameter): Name = "Manufacturer Part Number"; Value = "LO L29K-H2L1-24-0-2-R18-Z"; VariantName = "[No Variations]"
Add component (AddParameter): Name = "Pricing"; Value = "1=0.27, 10=0.185, 100=0.1294, 500=0.10426, 1000=0.09592, 2000=0.08882 (USD)"; VariantName = "[No Variations]"
Add component (AddParameter): Name = "RoHS"; Value = "Compliant"; VariantName = "[No Variations]"
Add component (AddParameter): Name = "Stock"; Value = "22927"; VariantName = "[No Variations]"
Add component (AddParameter): Name = "Supplier"; Value = "DigiKey"; VariantName = "[No Variations]"
Add component (AddParameter): Name = "Supplier Part Number"; Value = "475-LOL29K-H2L1-24-0-2-R18-ZCT-ND"; VariantName = "[No Variations]"
Added Component: Designator=D3(LED_0603)
Add component (AddParameter): Name = "Category"; Value = "LEDs"; VariantName = "[No Variations]"
Add component (AddParameter): Name = "Lead Free"; Value = "Lead Free"; VariantName = "[No Variations]"
Add component (AddParameter): Name = "Lens Style"; Value = "Clear, Diffused"; VariantName = "[No Variations]"
Add component (AddParameter): Name = "Manufacturer"; Value = "Osram"; VariantName = "[No Variations]"
Add component (AddParameter): Name = "Manufacturer Part Number"; Value = "LO L29K-H2L1-24-0-2-R18-Z"; VariantName = "[No Variations]"
Add component (AddParameter): Name = "Pricing"; Value = "1=0.27, 10=0.185, 100=0.1294, 500=0.10426, 1000=0.09592, 2000=0.08882 (USD)"; VariantName = "[No Variations]"
Add component (AddParameter): Name = "RoHS"; Value = "Compliant"; VariantName = "[No Variations]"
Add component (AddParameter): Name = "Stock"; Value = "22927"; VariantName = "[No Variations]"
Add component (AddParameter): Name = "Supplier"; Value = "DigiKey"; VariantName = "[No Variations]"
Add component (AddParameter): Name = "Supplier Part Number"; Value = "475-LOL29K-H2L1-24-0-2-R18-ZCT-ND"; VariantName = "[No Variations]"
Added Component: Designator=D4(LED_0603)
Add component (AddParameter): Name = "Category"; Value = "LEDs"; VariantName = "[No Variations]"
Add component (AddParameter): Name = "Lead Free"; Value = "Lead Free"; VariantName = "[No Variations]"
Add component (AddParameter): Name = "Lens Style"; Value = "Clear, Diffused"; VariantName = "[No Variations]"
Add component (AddParameter): Name = "Manufacturer"; Value = "Osram"; VariantName = "[No Variations]"
Add component (AddParameter): Name = "Manufacturer Part Number"; Value = "LO L29K-H2L1-24-0-2-R18-Z"; VariantName = "[No Variations]"
Add component (AddParameter): Name = "Pricing"; Value = "1=0.27, 10=0.185, 100=0.1294, 500=0.10426, 1000=0.09592, 2000=0.08882 (USD)"; VariantName = "[No Variations]"
Add component (AddParameter): Name = "RoHS"; Value = "Compliant"; VariantName = "[No Variations]"
Add component (AddParameter): Name = "Stock"; Value = "22927"; VariantName = "[No Variations]"
Add component (AddParameter): Name = "Supplier"; Value = "DigiKey"; VariantName = "[No Variations]"
Add component (AddParameter): Name = "Supplier Part Number"; Value = "475-LOL29K-H2L1-24-0-2-R18-ZCT-ND"; VariantName = "[No Variations]"
Added Pin To Net: NetName=NetD2_1 Pin=D2-1
Added Pin To Net: NetName=NetD2_2 Pin=D2-2
Added Pin To Net: NetName=16U2_TX_LED Pin=D3-1
Added Pin To Net: NetName=NetD3_2 Pin=D3-2
Added Pin To Net: NetName=16U2_RX_LED Pin=D4-1
Added Pin To Net: NetName=NetD4_2 Pin=D4-2
Add Pin To Net: Unknown Pin: Pin J8-1
Add Pin To Net: Unknown Pin: Pin J9-1
